C:\Users\Elvyn D. Medina>cd desktop

C:\Users\Elvyn D. Medina\Desktop>cd Instagram Boot

C:\Users\Elvyn D. Medina\Desktop\Instagram Boot>git init
Initialized empty Git repository in C:/Users/Elvyn D. Medina/Desktop/Instagram Boot/.git/

C:\Users\Elvyn D. Medina\Desktop\Instagram Boot>git remote add origin https://github.com/DantesDesmond/Instagramweb.git

C:\Users\Elvyn D. Medina\Desktop\Instagram Boot>git add .

C:\Users\Elvyn D. Medina\Desktop\Instagram Boot>git add .

C:\Users\Elvyn D. Medina\Desktop\Instagram Boot>git remote add origin https://github.com/DantesDesmond/Instagramweb.git
error: remote origin already exists.

C:\Users\Elvyn D. Medina\Desktop\Instagram Boot>git add .

C:\Users\Elvyn D. Medina\Desktop\Instagram Boot>git --version
git version 2.34.1.windows.1

C:\Users\Elvyn D. Medina\Desktop\Instagram Boot>git
usage: git [--version] [--help] [-C <path>] [-c <name>=<value>]
           [--exec-path[=<path>]] [--html-path] [--man-path] [--info-path]
           [-p | --paginate | -P | --no-pager] [--no-replace-objects] [--bare]
           [--git-dir=<path>] [--work-tree=<path>] [--namespace=<name>]
           [--super-prefix=<path>] [--config-env=<name>=<envvar>]
           <command> [<args>]

These are common Git commands used in various situations:

start a working area (see also: git help tutorial)
   clone     Clone a repository into a new directory
   init      Create an empty Git repository or reinitialize an existing one

work on the current change (see also: git help everyday)
   add       Add file contents to the index
   mv        Move or rename a file, a directory, or a symlink
   restore   Restore working tree files
   rm        Remove files from the working tree and from the index

examine the history and state (see also: git help revisions)
   bisect    Use binary search to find the commit that introduced a bug
   diff      Show changes between commits, commit and working tree, etc
   grep      Print lines matching a pattern
   log       Show commit logs
   show      Show various types of objects
   status    Show the working tree status

grow, mark and tweak your common history
   branch    List, create, or delete branches
   commit    Record changes to the repository
   merge     Join two or more development histories together
   rebase    Reapply commits on top of another base tip
   reset     Reset current HEAD to the specified state
   switch    Switch branches
   tag       Create, list, delete or verify a tag object signed with GPG

collaborate (see also: git help workflows)
   fetch     Download objects and refs from another repository
   pull      Fetch from and integrate with another repository or a local branch
   push      Update remote refs along with associated objects

'git help -a' and 'git help -g' list available subcommands and some
concept guides. See 'git help <command>' or 'git help <concept>'
to read about a specific subcommand or concept.
See 'git help git' for an overview of the system.

C:\Users\Elvyn D. Medina\Desktop\Instagram Boot>git add
Nothing specified, nothing added.
hint: Maybe you wanted to say 'git add .'?
hint: Turn this message off by running
hint: "git config advice.addEmptyPathspec false"

C:\Users\Elvyn D. Medina\Desktop\Instagram Boot>git add Instagram Boot
fatal: pathspec 'Instagram' did not match any files

C:\Users\Elvyn D. Medina\Desktop\Instagram Boot>../
'..' is not recognized as an internal or external command,
operable program or batch file.

C:\Users\Elvyn D. Medina\Desktop\Instagram Boot>git status
On branch master

No commits yet

Changes to be committed:
  (use "git rm --cached <file>..." to unstage)
        new file:   Index.html
        new file:   styles/style.css


C:\Users\Elvyn D. Medina\Desktop\Instagram Boot>git commit -m "InstagramBoot Commit"
Author identity unknown

*** Please tell me who you are.

Run

  git config --global user.email "you@example.com"
  git config --global user.name "Your Name"

to set your account's default identity.
Omit --global to set the identity only in this repository.

fatal: unable to auto-detect email address (got 'Elvyn D. Medina@LAPTOP-F0UV8HRM.(none)')

C:\Users\Elvyn D. Medina\Desktop\Instagram Boot>user.email "elvynmedina1993@gmail.com"
'user.email' is not recognized as an internal or external command,
operable program or batch file.

C:\Users\Elvyn D. Medina\Desktop\Instagram Boot>git config --global user.email "elvynmedina1993@gmail.com"

C:\Users\Elvyn D. Medina\Desktop\Instagram Boot>git config --global user.password "Migracion1225"

C:\Users\Elvyn D. Medina\Desktop\Instagram Boot>git commit -m "InstagramBoot Commit"
[master (root-commit) bd65c31] InstagramBoot Commit
 2 files changed, 161 insertions(+)
 create mode 100644 Index.html
 create mode 100644 styles/style.css

C:\Users\Elvyn D. Medina\Desktop\Instagram Boot>